[dotenv@17.3.1] injecting env (0) from .env -- tip: ≡ƒñû agentic secret storage: https://dotenvx.com/as2
Testing with email: priyangshusett0011@gmail.com
Password length: 0
Γ¥î Error verifying Nodemailer transport:
node : Error: Missing 
credentials for "PLAIN"
At line:1 char:1
+ node test-email.js > 
test-log.txt 2>&1
+ ~~~~~~~~~~~~~~~~~~~~~
~~~~~~~~~~~~~~~~~
    + CategoryInfo     
         : NotSpecifi  
  ed: (Error: Missin   
 g credentials for     
"PLAIN":String) []    
, RemoteException
    + FullyQualifiedEr 
   rorId : NativeComm  
  andError
 
    at SMTPConnection._
formatError (D:\Desktop
\Port\backend\node_modu
les\nodemailer\lib\smtp
-connection\index.js:91
2:19)
    at 
SMTPConnection.login (D
:\Desktop\Port\backend\
node_modules\nodemailer
\lib\smtp-connection\in
dex.js:549:38)
    at D:\Desktop\Port\
backend\node_modules\no
demailer\lib\smtp-trans
port\index.js:381:32
    at SMTPConnection.<
anonymous> (D:\Desktop\
Port\backend\node_modul
es\nodemailer\lib\smtp-
connection\index.js:227
:17)
    at 
Object.onceWrapper 
(node:events:633:28)
    at 
SMTPConnection.emit 
(node:events:519:28)
    at SMTPConnection._
actionEHLO (D:\Desktop\
Port\backend\node_modul
es\nodemailer\lib\smtp-
connection\index.js:150
3:14)
    at SMTPConnection._
processResponse (D:\Des
ktop\Port\backend\node_
modules\nodemailer\lib\
smtp-connection\index.j
s:1098:20)
    at 
SMTPConnection._onData 
(D:\Desktop\Port\backen
d\node_modules\nodemail
er\lib\smtp-connection\
index.js:872:14)
    at SMTPConnection._
onSocketData (D:\Deskto
p\Port\backend\node_mod
ules\nodemailer\lib\smt
p-connection\index.js:1
96:44) {
  code: 'EAUTH',
  command: 'API'
}
